// Jest Snapshot v1, https://goo.gl/fbAQLP

exports[`add dish component Shows dish form 1`] = `"<div><form><h1>Add new dish</h1><div class="input"><label>Dish <input type="text"></label><label> Description <input type="text"></label></div><button>Submit</button></form></div>"`;
