// Jest Snapshot v1, https://goo.gl/fbAQLP

exports[`frontpage shows front page 1`] = `"<div><h1>Welcome to Kristiania Catering!</h1></div>"`;
