// Jest Snapshot v1, https://goo.gl/fbAQLP

exports[`ListDishes component shows loading screen  1`] = `"<div>Loading..</div>"`;
