// Jest Snapshot v1, https://goo.gl/fbAQLP

exports[`project shows other page 1`] = `"<div><h1>Welcome to Kristiania Catering!</h1></div>"`;
